############ SEED 7 ############
engine compiled in 34.7s
300 positions (seed 7), 200,000 nodes per move, judged by Stockfish at depth 12
delta is the mean paired difference against the baseline, +-2 standard errors

baseline (shipped defaults): 21.8 cp average loss [78s]

8 configurations to try, about 10 min

  NMP_BASE              3    21.4 cp    -0.3 +- 2.7   38/300 moves  level
  ASP_WINDOW            8    23.4 cp    +1.6 +- 2.7   37/300 moves  level
  ASP_WINDOW           10    24.6 cp    +2.8 +- 3.1   38/300 moves  level
  SEE_CAP             -90    20.9 cp    -0.9 +- 1.4   18/300 moves  level
  SING_DEPTH            9    24.3 cp    +2.5 +- 2.5   33/300 moves  worse
  HIST_PRUNE_MUL     -400    21.9 cp    +0.1 +- 1.5   26/300 moves  level
  HIST_PRUNE_MUL     -800    22.3 cp    +0.5 +- 1.4   13/300 moves  level
  HIST_PRUNE_MUL    -1600    21.5 cp    -0.3 +- 0.6    1/300 moves  level

wrote overnight/REPORT_replicate_7.md
############ SEED 11 ############
engine compiled in 23.3s
300 positions (seed 11), 200,000 nodes per move, judged by Stockfish at depth 12
delta is the mean paired difference against the baseline, +-2 standard errors

baseline (shipped defaults): 25.7 cp average loss [70s]

8 configurations to try, about 9 min

  NMP_BASE              3    26.1 cp    +0.4 +- 2.1   43/300 moves  level
  ASP_WINDOW            8    24.1 cp    -1.6 +- 3.8   51/300 moves  level
  ASP_WINDOW           10    26.3 cp    +0.6 +- 3.0   43/300 moves  level
  SEE_CAP             -90    25.0 cp    -0.6 +- 0.9   19/300 moves  level
  SING_DEPTH            9    26.8 cp    +1.2 +- 3.1   44/300 moves  level
  HIST_PRUNE_MUL     -400    25.6 cp    -0.0 +- 2.8   38/300 moves  level
  HIST_PRUNE_MUL     -800    25.9 cp    +0.2 +- 1.3   13/300 moves  level
  HIST_PRUNE_MUL    -1600    25.5 cp    -0.2 +- 0.5    4/300 moves  level

wrote overnight/REPORT_replicate_11.md
