engine compiled in 19.8s
300 positions, 200,000 nodes per move, judged by Stockfish at depth 12
delta is the mean paired difference against the baseline, +-2 standard errors

baseline (shipped defaults): 22.8 cp average loss [61s]

64 configurations to try, about 66 min

  RFP_MARGIN           55    21.1 cp    -1.6 +- 3.7   39/300 moves  level
  RFP_MARGIN           65    21.6 cp    -1.2 +- 3.3   41/300 moves  level
  RFP_MARGIN           85    21.0 cp    -1.8 +- 3.1   37/300 moves  level
  RFP_MARGIN           95    20.6 cp    -2.2 +- 4.5   47/300 moves  level
  RAZOR_MARGIN        280    20.8 cp    -2.0 +- 2.9   41/300 moves  level
  RAZOR_MARGIN        310    22.9 cp    +0.1 +- 4.1   45/300 moves  level
  RAZOR_MARGIN        370    20.9 cp    -1.9 +- 4.3   39/300 moves  level
  RAZOR_MARGIN        400    21.1 cp    -1.6 +- 4.2   41/300 moves  level
  FUT_MARGIN           90    20.2 cp    -2.5 +- 3.0   39/300 moves  level
  FUT_MARGIN          100    22.2 cp    -0.6 +- 4.1   26/300 moves  level
  FUT_MARGIN          120    22.1 cp    -0.7 +- 3.0   26/300 moves  level
  FUT_MARGIN          130    22.6 cp    -0.1 +- 2.8   25/300 moves  level
  FUT_BASE             70    20.4 cp    -2.4 +- 2.8   32/300 moves  level
  FUT_BASE             80    22.3 cp    -0.5 +- 4.0   24/300 moves  level
  FUT_BASE            100    21.6 cp    -1.2 +- 2.6   23/300 moves  level
  FUT_BASE            110    23.6 cp    +0.8 +- 4.0   29/300 moves  level
  NMP_BASE              3    19.3 cp    -3.5 +- 3.1   34/300 moves  BETTER
  NMP_BASE              5    21.8 cp    -1.0 +- 3.1   37/300 moves  level
  NMP_DIV               3    21.1 cp    -1.7 +- 3.1   31/300 moves  level
  NMP_DIV               5    22.0 cp    -0.8 +- 3.0   31/300 moves  level
  NMP_DIV               6    23.4 cp    +0.6 +- 4.5   34/300 moves  level
  NMP_EVAL_DIV        140    22.4 cp    -0.4 +- 1.2   15/300 moves  level
  NMP_EVAL_DIV        160    22.5 cp    -0.3 +- 0.9   12/300 moves  level
  NMP_EVAL_DIV        200    23.2 cp    +0.4 +- 1.7   14/300 moves  level
  NMP_EVAL_DIV        220    21.9 cp    -0.8 +- 1.8   17/300 moves  level
  ASP_WINDOW            8    19.4 cp    -3.4 +- 3.1   43/300 moves  BETTER
  ASP_WINDOW           10    19.2 cp    -3.6 +- 3.2   36/300 moves  BETTER
  ASP_WINDOW           16    21.1 cp    -1.7 +- 2.9   43/300 moves  level
  ASP_WINDOW           20    20.3 cp    -2.5 +- 4.4   56/300 moves  level
  DELTA_MARGIN        100    21.1 cp    -1.7 +- 4.2   39/300 moves  level
  DELTA_MARGIN        115    21.8 cp    -1.0 +- 2.8   28/300 moves  level
  DELTA_MARGIN        145    21.2 cp    -1.6 +- 4.1   32/300 moves  level
  DELTA_MARGIN        160    23.0 cp    +0.2 +- 4.4   37/300 moves  level
  SEE_QUIET           -75    22.7 cp    -0.1 +- 4.4   39/300 moves  level
  SEE_QUIET           -65    21.1 cp    -1.6 +- 4.2   33/300 moves  level
  SEE_QUIET           -45    23.1 cp    +0.3 +- 4.4   32/300 moves  level
  SEE_QUIET           -35    22.9 cp    +0.1 +- 4.5   43/300 moves  level
  SEE_CAP            -135    21.4 cp    -1.4 +- 4.5   42/300 moves  level
  SEE_CAP            -120    21.6 cp    -1.2 +- 4.3   37/300 moves  level
  SEE_CAP             -90    19.7 cp    -3.1 +- 2.8   20/300 moves  BETTER
  SEE_CAP             -75    23.3 cp    +0.5 +- 4.3   34/300 moves  level
  SING_DEPTH            5    20.4 cp    -2.4 +- 3.2   40/300 moves  level
  SING_DEPTH            6    21.5 cp    -1.3 +- 3.5   38/300 moves  level
  SING_DEPTH            8    20.8 cp    -2.0 +- 4.2   42/300 moves  level
  SING_DEPTH            9    18.3 cp    -4.5 +- 3.1   39/300 moves  BETTER
  SING_MARGIN           1    20.3 cp    -2.5 +- 3.0   37/300 moves  level
  SING_MARGIN           3    21.2 cp    -1.6 +- 4.2   29/300 moves  level
  SING_MARGIN           4    22.2 cp    -0.5 +- 4.0   44/300 moves  level
  HIST_PRUNE_MUL    -4200    22.8 cp    +0.0 +- 0.0    0/300 moves  level
  HIST_PRUNE_MUL    -3700    22.8 cp    +0.0 +- 0.0    0/300 moves  level
  HIST_PRUNE_MUL    -2700    22.8 cp    +0.0 +- 0.0    0/300 moves  level
  HIST_PRUNE_MUL    -2200    22.8 cp    +0.0 +- 0.0    0/300 moves  level
  LMR_HIST_DIV       4000    21.7 cp    -1.1 +- 4.3   27/300 moves  level
  LMR_HIST_DIV       5000    20.8 cp    -2.0 +- 2.5   27/300 moves  level
  LMR_HIST_DIV       7000    22.9 cp    +0.1 +- 1.3   17/300 moves  level
  LMR_HIST_DIV       8000    22.3 cp    -0.5 +- 1.5   19/300 moves  level
  RFP_DEPTH             6    23.9 cp    +1.1 +- 4.0   23/300 moves  level
  RFP_DEPTH             7    22.4 cp    -0.4 +- 2.0   16/300 moves  level
  RFP_DEPTH             9    21.8 cp    -1.0 +- 1.9    9/300 moves  level
  RFP_DEPTH            10    21.8 cp    -1.0 +- 1.9   13/300 moves  level
  FUT_DEPTH             6    21.5 cp    -1.3 +- 1.7   11/300 moves  level
  FUT_DEPTH             7    22.8 cp    +0.0 +- 0.6    5/300 moves  level
  FUT_DEPTH             9    22.1 cp    -0.6 +- 1.9    4/300 moves  level
  FUT_DEPTH            10    22.0 cp    -0.8 +- 1.9    2/300 moves  level

wrote C:\Users\Rohan Sharma\PycharmProjects\aichessathon\overnight\REPORT_search_tuning.md
