engine compiled in 25.5s
40 positions, 500ms per move, judged by Stockfish at 300ms

baseline (shipped defaults): 24.1 cp average loss [42s]

  RFP_MARGIN            55     29.6 cp    +5.4  worse
  RFP_MARGIN            65     25.0 cp    +0.9  worse
  RFP_MARGIN            85     22.8 cp    -1.4  better
  RFP_MARGIN            95     26.5 cp    +2.4  worse
  RAZOR_MARGIN         280     24.1 cp    +0.0  level
  RAZOR_MARGIN         310     19.4 cp    -4.7  better
  RAZOR_MARGIN         370     21.6 cp    -2.5  better
  RAZOR_MARGIN         400     21.1 cp    -3.0  better
  FUT_MARGIN            90     19.3 cp    -4.8  better
  FUT_MARGIN           100     23.3 cp    -0.8  better
  FUT_MARGIN           120     26.6 cp    +2.4  worse
  FUT_MARGIN           130     26.8 cp    +2.7  worse
  FUT_BASE              70     25.6 cp    +1.5  worse
  FUT_BASE              80     22.6 cp    -1.5  better
  FUT_BASE             100     26.6 cp    +2.4  worse
  FUT_BASE             110     25.2 cp    +1.1  worse
  NMP_BASE               3     22.1 cp    -2.0  better
  NMP_BASE               5     27.0 cp    +2.9  worse
  NMP_DIV                3     23.4 cp    -0.8  better
  NMP_DIV                5     25.4 cp    +1.3  worse
  NMP_DIV                6     27.7 cp    +3.6  worse
  NMP_EVAL_DIV         140     27.2 cp    +3.1  worse
  NMP_EVAL_DIV         160     23.3 cp    -0.8  better
  NMP_EVAL_DIV         200     24.1 cp    +0.0  level
  NMP_EVAL_DIV         220     25.5 cp    +1.4  worse
  ASP_WINDOW             8     20.1 cp    -4.0  better
  ASP_WINDOW            10     21.6 cp    -2.5  better
  ASP_WINDOW            16     18.6 cp    -5.6  better
  ASP_WINDOW            20     22.4 cp    -1.7  better
  DELTA_MARGIN         100     22.2 cp    -1.9  better
  DELTA_MARGIN         115     28.6 cp    +4.5  worse
  DELTA_MARGIN         145     21.6 cp    -2.6  better
  DELTA_MARGIN         160     23.6 cp    -0.5  level
  SEE_QUIET            -75     27.3 cp    +3.2  worse
  SEE_QUIET            -65     19.2 cp    -4.9  better
  SEE_QUIET            -45     23.1 cp    -1.0  better
  SEE_QUIET            -35     21.1 cp    -3.0  better
  SEE_CAP             -135     19.6 cp    -4.5  better
  SEE_CAP             -120     25.2 cp    +1.1  worse
  SEE_CAP              -90     21.6 cp    -2.5  better
  SEE_CAP              -75     24.0 cp    -0.1  level
  SING_DEPTH             5     22.7 cp    -1.4  better
  SING_DEPTH             6     25.8 cp    +1.7  worse
  SING_DEPTH             8     14.1 cp   -10.1  better
  SING_DEPTH             9     22.1 cp    -2.1  better
  SING_MARGIN            1     21.6 cp    -2.5  better
  SING_MARGIN            3     20.9 cp    -3.3  better
  SING_MARGIN            4     24.9 cp    +0.8  worse
  HIST_PRUNE_MUL     -4200     24.1 cp    +0.0  level
  HIST_PRUNE_MUL     -3700     24.1 cp    +0.0  level
  HIST_PRUNE_MUL     -2700     21.6 cp    -2.5  better
  HIST_PRUNE_MUL     -2200     24.1 cp    +0.0  level
  LMR_HIST_DIV        4000     25.2 cp    +1.1  worse
  LMR_HIST_DIV        5000     22.3 cp    -1.8  better
  LMR_HIST_DIV        7000     24.1 cp    -0.1  level
  LMR_HIST_DIV        8000     24.9 cp    +0.8  worse
  RFP_DEPTH              6     21.8 cp    -2.4  better
  RFP_DEPTH              7     22.7 cp    -1.4  better
  RFP_DEPTH              9     24.0 cp    -0.1  level
  RFP_DEPTH             10     24.3 cp    +0.1  level
  FUT_DEPTH              6     25.0 cp    +0.9  worse
  FUT_DEPTH              7     22.8 cp    -1.4  better
  FUT_DEPTH              9     22.5 cp    -1.6  better
  FUT_DEPTH             10     21.4 cp    -2.7  better

wrote C:\Users\Rohan Sharma\PycharmProjects\aichessathon\overnight\REPORT_search_tuning.md
