engine compiled in 20.1s
80 positions, 200,000 nodes per move, judged by Stockfish at depth 12

baseline (shipped defaults): 22.7 cp average loss [16s]

  RFP_MARGIN            55     21.4 cp    -1.3  better
  RFP_MARGIN            65     22.0 cp    -0.6  better
  RFP_MARGIN            85     19.2 cp    -3.5  better
  RFP_MARGIN            95     23.9 cp    +1.2  worse
  RAZOR_MARGIN         280     19.9 cp    -2.8  better
  RAZOR_MARGIN         310     27.6 cp    +5.0  worse
  RAZOR_MARGIN         370     23.9 cp    +1.2  worse
  RAZOR_MARGIN         400     24.2 cp    +1.5  worse
  FUT_MARGIN            90     19.9 cp    -2.8  better
  FUT_MARGIN           100     26.5 cp    +3.8  worse
  FUT_MARGIN           120     23.9 cp    +1.2  worse
  FUT_MARGIN           130     24.1 cp    +1.4  worse
  FUT_BASE              70     21.8 cp    -0.9  better
  FUT_BASE              80     27.7 cp    +5.0  worse
  FUT_BASE             100     22.4 cp    -0.2  level
  FUT_BASE             110     28.5 cp    +5.8  worse
  NMP_BASE               3     17.8 cp    -4.9  better
